2026-07-15 00:03:45,917 - insightflow.setup_warehouse - INFO - [setup_warehouse.py:106] - Starting Data Warehouse Setup...
2026-07-15 00:03:47,726 - insightflow.setup_warehouse - INFO - [setup_warehouse.py:38] - Database 'neondb' already exists.
2026-07-15 00:03:49,251 - insightflow.setup_warehouse - INFO - [setup_warehouse.py:46] - Running DDL from sql/ddl/dim_date.sql...
2026-07-15 00:03:49,976 - insightflow.setup_warehouse - INFO - [setup_warehouse.py:54] - Successfully executed DDL from sql/ddl/dim_date.sql.
2026-07-15 00:03:49,977 - insightflow.setup_warehouse - INFO - [setup_warehouse.py:46] - Running DDL from sql/ddl/dim_user.sql...
2026-07-15 00:03:50,709 - insightflow.setup_warehouse - INFO - [setup_warehouse.py:54] - Successfully executed DDL from sql/ddl/dim_user.sql.
2026-07-15 00:03:50,710 - insightflow.setup_warehouse - INFO - [setup_warehouse.py:46] - Running DDL from sql/ddl/dim_product.sql...
2026-07-15 00:03:51,434 - insightflow.setup_warehouse - INFO - [setup_warehouse.py:54] - Successfully executed DDL from sql/ddl/dim_product.sql.
2026-07-15 00:03:51,434 - insightflow.setup_warehouse - INFO - [setup_warehouse.py:46] - Running DDL from sql/ddl/dim_device.sql...
2026-07-15 00:03:52,161 - insightflow.setup_warehouse - INFO - [setup_warehouse.py:54] - Successfully executed DDL from sql/ddl/dim_device.sql.
2026-07-15 00:03:52,161 - insightflow.setup_warehouse - INFO - [setup_warehouse.py:46] - Running DDL from sql/ddl/dim_location.sql...
2026-07-15 00:03:52,882 - insightflow.setup_warehouse - INFO - [setup_warehouse.py:54] - Successfully executed DDL from sql/ddl/dim_location.sql.
2026-07-15 00:03:52,882 - insightflow.setup_warehouse - INFO - [setup_warehouse.py:46] - Running DDL from sql/ddl/dim_channel.sql...
2026-07-15 00:03:53,604 - insightflow.setup_warehouse - INFO - [setup_warehouse.py:54] - Successfully executed DDL from sql/ddl/dim_channel.sql.
2026-07-15 00:03:53,604 - insightflow.setup_warehouse - INFO - [setup_warehouse.py:46] - Running DDL from sql/ddl/fact_events.sql...
2026-07-15 00:03:54,337 - insightflow.setup_warehouse - INFO - [setup_warehouse.py:54] - Successfully executed DDL from sql/ddl/fact_events.sql.
2026-07-15 00:03:54,337 - insightflow.setup_warehouse - INFO - [setup_warehouse.py:46] - Running DDL from sql/ddl/fact_orders.sql...
2026-07-15 00:03:55,069 - insightflow.setup_warehouse - INFO - [setup_warehouse.py:54] - Successfully executed DDL from sql/ddl/fact_orders.sql.
2026-07-15 00:03:55,069 - insightflow.setup_warehouse - INFO - [setup_warehouse.py:46] - Running DDL from sql/ddl/partitions.sql...
2026-07-15 00:03:55,977 - insightflow.setup_warehouse - INFO - [setup_warehouse.py:54] - Successfully executed DDL from sql/ddl/partitions.sql.
2026-07-15 00:03:55,977 - insightflow.setup_warehouse - INFO - [setup_warehouse.py:61] - Seeding dim_date table for the year 2026...
2026-07-15 00:03:56,703 - insightflow.setup_warehouse - INFO - [setup_warehouse.py:98] - Successfully seeded dim_date.
2026-07-15 00:03:56,703 - insightflow.setup_warehouse - INFO - [setup_warehouse.py:136] - Data Warehouse Setup completed successfully!
2026-07-15 00:04:08,033 - insightflow.db - ERROR - [db.py:20] - Failed to connect to database: column "day_name" does not exist
LINE 1: SELECT full_date, day_name, month_name, is_weekend FROM dim_...
                          ^

2026-07-15 00:08:24,606 - insightflow.setup_warehouse - INFO - [setup_warehouse.py:106] - Starting Data Warehouse Setup...
2026-07-15 00:08:26,294 - insightflow.setup_warehouse - INFO - [setup_warehouse.py:38] - Database 'neondb' already exists.
2026-07-15 00:08:27,709 - insightflow.setup_warehouse - INFO - [setup_warehouse.py:46] - Running DDL from sql/ddl/dim_date.sql...
2026-07-15 00:08:28,412 - insightflow.setup_warehouse - INFO - [setup_warehouse.py:54] - Successfully executed DDL from sql/ddl/dim_date.sql.
2026-07-15 00:08:28,412 - insightflow.setup_warehouse - INFO - [setup_warehouse.py:46] - Running DDL from sql/ddl/dim_user.sql...
2026-07-15 00:08:29,112 - insightflow.setup_warehouse - INFO - [setup_warehouse.py:54] - Successfully executed DDL from sql/ddl/dim_user.sql.
2026-07-15 00:08:29,112 - insightflow.setup_warehouse - INFO - [setup_warehouse.py:46] - Running DDL from sql/ddl/dim_product.sql...
2026-07-15 00:08:29,805 - insightflow.setup_warehouse - INFO - [setup_warehouse.py:54] - Successfully executed DDL from sql/ddl/dim_product.sql.
2026-07-15 00:08:29,805 - insightflow.setup_warehouse - INFO - [setup_warehouse.py:46] - Running DDL from sql/ddl/dim_device.sql...
2026-07-15 00:08:30,500 - insightflow.setup_warehouse - INFO - [setup_warehouse.py:54] - Successfully executed DDL from sql/ddl/dim_device.sql.
2026-07-15 00:08:30,501 - insightflow.setup_warehouse - INFO - [setup_warehouse.py:46] - Running DDL from sql/ddl/dim_location.sql...
2026-07-15 00:08:31,194 - insightflow.setup_warehouse - INFO - [setup_warehouse.py:54] - Successfully executed DDL from sql/ddl/dim_location.sql.
2026-07-15 00:08:31,194 - insightflow.setup_warehouse - INFO - [setup_warehouse.py:46] - Running DDL from sql/ddl/dim_channel.sql...
2026-07-15 00:08:31,893 - insightflow.setup_warehouse - INFO - [setup_warehouse.py:54] - Successfully executed DDL from sql/ddl/dim_channel.sql.
2026-07-15 00:08:31,893 - insightflow.setup_warehouse - INFO - [setup_warehouse.py:46] - Running DDL from sql/ddl/fact_events.sql...
2026-07-15 00:08:32,587 - insightflow.setup_warehouse - INFO - [setup_warehouse.py:54] - Successfully executed DDL from sql/ddl/fact_events.sql.
2026-07-15 00:08:32,588 - insightflow.setup_warehouse - INFO - [setup_warehouse.py:46] - Running DDL from sql/ddl/fact_orders.sql...
2026-07-15 00:08:33,286 - insightflow.setup_warehouse - INFO - [setup_warehouse.py:54] - Successfully executed DDL from sql/ddl/fact_orders.sql.
2026-07-15 00:08:33,286 - insightflow.setup_warehouse - INFO - [setup_warehouse.py:46] - Running DDL from sql/ddl/partitions.sql...
2026-07-15 00:08:34,212 - insightflow.setup_warehouse - INFO - [setup_warehouse.py:54] - Successfully executed DDL from sql/ddl/partitions.sql.
2026-07-15 00:08:34,212 - insightflow.setup_warehouse - INFO - [setup_warehouse.py:46] - Running DDL from sql/ddl/etl_metadata.sql...
2026-07-15 00:08:34,924 - insightflow.setup_warehouse - INFO - [setup_warehouse.py:54] - Successfully executed DDL from sql/ddl/etl_metadata.sql.
2026-07-15 00:08:34,924 - insightflow.setup_warehouse - INFO - [setup_warehouse.py:61] - Seeding dim_date table for the year 2026...
2026-07-15 00:08:35,621 - insightflow.setup_warehouse - INFO - [setup_warehouse.py:98] - Successfully seeded dim_date.
2026-07-15 00:08:35,621 - insightflow.setup_warehouse - INFO - [setup_warehouse.py:137] - Data Warehouse Setup completed successfully!
2026-07-15 00:09:07,692 - insightflow.etl - INFO - [pipeline.py:20] - Starting ETL run 96afacbb-eb31-4033-b310-26135a5b8364 for file data/raw/events.csv (mode: full)
2026-07-15 00:09:08,117 - insightflow.etl - INFO - [pipeline.py:55] - Processing 24472 rows after incremental filter.
2026-07-15 00:09:15,442 - insightflow.db - ERROR - [db.py:20] - Failed to connect to database: null value in column "event_key" of relation "fact_events_2026_07" violates not-null constraint
DETAIL:  Failing row contains (null, 20260705, 1, 1, 1, 1, 1, sess_57d8c1bf, payment, 2026-07-05 17:12:00+00).

2026-07-15 00:09:15,442 - insightflow.etl - ERROR - [pipeline.py:96] - ETL run 96afacbb-eb31-4033-b310-26135a5b8364 failed: null value in column "event_key" of relation "fact_events_2026_07" violates not-null constraint
DETAIL:  Failing row contains (null, 20260705, 1, 1, 1, 1, 1, sess_57d8c1bf, payment, 2026-07-05 17:12:00+00).

2026-07-15 00:09:54,165 - insightflow.setup_warehouse - INFO - [setup_warehouse.py:106] - Starting Data Warehouse Setup...
2026-07-15 00:09:55,927 - insightflow.setup_warehouse - INFO - [setup_warehouse.py:38] - Database 'neondb' already exists.
2026-07-15 00:09:57,476 - insightflow.setup_warehouse - INFO - [setup_warehouse.py:46] - Running DDL from sql/ddl/dim_date.sql...
2026-07-15 00:09:58,248 - insightflow.setup_warehouse - INFO - [setup_warehouse.py:54] - Successfully executed DDL from sql/ddl/dim_date.sql.
2026-07-15 00:09:58,248 - insightflow.setup_warehouse - INFO - [setup_warehouse.py:46] - Running DDL from sql/ddl/dim_user.sql...
2026-07-15 00:09:59,016 - insightflow.setup_warehouse - INFO - [setup_warehouse.py:54] - Successfully executed DDL from sql/ddl/dim_user.sql.
2026-07-15 00:09:59,016 - insightflow.setup_warehouse - INFO - [setup_warehouse.py:46] - Running DDL from sql/ddl/dim_product.sql...
2026-07-15 00:09:59,784 - insightflow.setup_warehouse - INFO - [setup_warehouse.py:54] - Successfully executed DDL from sql/ddl/dim_product.sql.
2026-07-15 00:09:59,784 - insightflow.setup_warehouse - INFO - [setup_warehouse.py:46] - Running DDL from sql/ddl/dim_device.sql...
2026-07-15 00:10:00,553 - insightflow.setup_warehouse - INFO - [setup_warehouse.py:54] - Successfully executed DDL from sql/ddl/dim_device.sql.
2026-07-15 00:10:00,553 - insightflow.setup_warehouse - INFO - [setup_warehouse.py:46] - Running DDL from sql/ddl/dim_location.sql...
2026-07-15 00:10:01,321 - insightflow.setup_warehouse - INFO - [setup_warehouse.py:54] - Successfully executed DDL from sql/ddl/dim_location.sql.
2026-07-15 00:10:01,321 - insightflow.setup_warehouse - INFO - [setup_warehouse.py:46] - Running DDL from sql/ddl/dim_channel.sql...
2026-07-15 00:10:02,089 - insightflow.setup_warehouse - INFO - [setup_warehouse.py:54] - Successfully executed DDL from sql/ddl/dim_channel.sql.
2026-07-15 00:10:02,090 - insightflow.setup_warehouse - INFO - [setup_warehouse.py:46] - Running DDL from sql/ddl/fact_events.sql...
2026-07-15 00:10:02,860 - insightflow.setup_warehouse - INFO - [setup_warehouse.py:54] - Successfully executed DDL from sql/ddl/fact_events.sql.
2026-07-15 00:10:02,861 - insightflow.setup_warehouse - INFO - [setup_warehouse.py:46] - Running DDL from sql/ddl/fact_orders.sql...
2026-07-15 00:10:03,629 - insightflow.setup_warehouse - INFO - [setup_warehouse.py:54] - Successfully executed DDL from sql/ddl/fact_orders.sql.
2026-07-15 00:10:03,630 - insightflow.setup_warehouse - INFO - [setup_warehouse.py:46] - Running DDL from sql/ddl/partitions.sql...
2026-07-15 00:10:04,399 - insightflow.setup_warehouse - INFO - [setup_warehouse.py:54] - Successfully executed DDL from sql/ddl/partitions.sql.
2026-07-15 00:10:04,400 - insightflow.setup_warehouse - INFO - [setup_warehouse.py:46] - Running DDL from sql/ddl/etl_metadata.sql...
2026-07-15 00:10:05,169 - insightflow.setup_warehouse - INFO - [setup_warehouse.py:54] - Successfully executed DDL from sql/ddl/etl_metadata.sql.
2026-07-15 00:10:05,169 - insightflow.setup_warehouse - INFO - [setup_warehouse.py:61] - Seeding dim_date table for the year 2026...
2026-07-15 00:10:05,939 - insightflow.setup_warehouse - INFO - [setup_warehouse.py:98] - Successfully seeded dim_date.
2026-07-15 00:10:05,939 - insightflow.setup_warehouse - INFO - [setup_warehouse.py:137] - Data Warehouse Setup completed successfully!
2026-07-15 00:10:14,379 - insightflow.etl - INFO - [pipeline.py:20] - Starting ETL run fa609556-c446-408d-88b3-535eecc1e1d1 for file data/raw/events.csv (mode: full)
2026-07-15 00:10:14,832 - insightflow.etl - INFO - [pipeline.py:55] - Processing 24472 rows after incremental filter.
2026-07-15 00:10:22,427 - insightflow.db - ERROR - [db.py:20] - Failed to connect to database: null value in column "event_key" of relation "fact_events_2026_07" violates not-null constraint
DETAIL:  Failing row contains (null, 20260705, 1001, 51, 13, 6, 11, sess_57d8c1bf, payment, 2026-07-05 17:12:00+00).

2026-07-15 00:10:22,427 - insightflow.etl - ERROR - [pipeline.py:96] - ETL run fa609556-c446-408d-88b3-535eecc1e1d1 failed: null value in column "event_key" of relation "fact_events_2026_07" violates not-null constraint
DETAIL:  Failing row contains (null, 20260705, 1001, 51, 13, 6, 11, sess_57d8c1bf, payment, 2026-07-05 17:12:00+00).

2026-07-15 00:11:01,995 - insightflow.setup_warehouse - INFO - [setup_warehouse.py:106] - Starting Data Warehouse Setup...
2026-07-15 00:11:03,695 - insightflow.setup_warehouse - INFO - [setup_warehouse.py:38] - Database 'neondb' already exists.
2026-07-15 00:11:05,259 - insightflow.setup_warehouse - INFO - [setup_warehouse.py:46] - Running DDL from sql/ddl/dim_date.sql...
2026-07-15 00:11:06,033 - insightflow.setup_warehouse - INFO - [setup_warehouse.py:54] - Successfully executed DDL from sql/ddl/dim_date.sql.
2026-07-15 00:11:06,033 - insightflow.setup_warehouse - INFO - [setup_warehouse.py:46] - Running DDL from sql/ddl/dim_user.sql...
2026-07-15 00:11:06,838 - insightflow.setup_warehouse - INFO - [setup_warehouse.py:54] - Successfully executed DDL from sql/ddl/dim_user.sql.
2026-07-15 00:11:06,839 - insightflow.setup_warehouse - INFO - [setup_warehouse.py:46] - Running DDL from sql/ddl/dim_product.sql...
2026-07-15 00:11:07,608 - insightflow.setup_warehouse - INFO - [setup_warehouse.py:54] - Successfully executed DDL from sql/ddl/dim_product.sql.
2026-07-15 00:11:07,609 - insightflow.setup_warehouse - INFO - [setup_warehouse.py:46] - Running DDL from sql/ddl/dim_device.sql...
2026-07-15 00:11:08,384 - insightflow.setup_warehouse - INFO - [setup_warehouse.py:54] - Successfully executed DDL from sql/ddl/dim_device.sql.
2026-07-15 00:11:08,384 - insightflow.setup_warehouse - INFO - [setup_warehouse.py:46] - Running DDL from sql/ddl/dim_location.sql...
2026-07-15 00:11:09,153 - insightflow.setup_warehouse - INFO - [setup_warehouse.py:54] - Successfully executed DDL from sql/ddl/dim_location.sql.
2026-07-15 00:11:09,153 - insightflow.setup_warehouse - INFO - [setup_warehouse.py:46] - Running DDL from sql/ddl/dim_channel.sql...
2026-07-15 00:11:09,921 - insightflow.setup_warehouse - INFO - [setup_warehouse.py:54] - Successfully executed DDL from sql/ddl/dim_channel.sql.
2026-07-15 00:11:09,921 - insightflow.setup_warehouse - INFO - [setup_warehouse.py:46] - Running DDL from sql/ddl/fact_events.sql...
2026-07-15 00:11:10,693 - insightflow.setup_warehouse - INFO - [setup_warehouse.py:54] - Successfully executed DDL from sql/ddl/fact_events.sql.
2026-07-15 00:11:10,693 - insightflow.setup_warehouse - INFO - [setup_warehouse.py:46] - Running DDL from sql/ddl/fact_orders.sql...
2026-07-15 00:11:11,464 - insightflow.setup_warehouse - INFO - [setup_warehouse.py:54] - Successfully executed DDL from sql/ddl/fact_orders.sql.
2026-07-15 00:11:11,464 - insightflow.setup_warehouse - INFO - [setup_warehouse.py:46] - Running DDL from sql/ddl/partitions.sql...
2026-07-15 00:11:12,234 - insightflow.setup_warehouse - INFO - [setup_warehouse.py:54] - Successfully executed DDL from sql/ddl/partitions.sql.
2026-07-15 00:11:12,234 - insightflow.setup_warehouse - INFO - [setup_warehouse.py:46] - Running DDL from sql/ddl/etl_metadata.sql...
2026-07-15 00:11:13,004 - insightflow.setup_warehouse - INFO - [setup_warehouse.py:54] - Successfully executed DDL from sql/ddl/etl_metadata.sql.
2026-07-15 00:11:13,004 - insightflow.setup_warehouse - INFO - [setup_warehouse.py:61] - Seeding dim_date table for the year 2026...
2026-07-15 00:11:13,775 - insightflow.setup_warehouse - INFO - [setup_warehouse.py:98] - Successfully seeded dim_date.
2026-07-15 00:11:13,775 - insightflow.setup_warehouse - INFO - [setup_warehouse.py:137] - Data Warehouse Setup completed successfully!
2026-07-15 00:11:18,144 - insightflow.etl - INFO - [pipeline.py:20] - Starting ETL run 94e8bc1f-c2af-4ea6-9a13-d42f6efa63bd for file data/raw/events.csv (mode: full)
2026-07-15 00:11:18,597 - insightflow.etl - INFO - [pipeline.py:55] - Processing 24472 rows after incremental filter.
2026-07-15 00:11:25,710 - insightflow.db - ERROR - [db.py:20] - Failed to connect to database: null value in column "event_key" of relation "fact_events_2026_07" violates not-null constraint
DETAIL:  Failing row contains (null, 20260705, 2001, 101, 25, 11, 21, sess_57d8c1bf, payment, 2026-07-05 17:12:00+00).

2026-07-15 00:11:25,711 - insightflow.etl - ERROR - [pipeline.py:96] - ETL run 94e8bc1f-c2af-4ea6-9a13-d42f6efa63bd failed: null value in column "event_key" of relation "fact_events_2026_07" violates not-null constraint
DETAIL:  Failing row contains (null, 20260705, 2001, 101, 25, 11, 21, sess_57d8c1bf, payment, 2026-07-05 17:12:00+00).

2026-07-15 00:12:12,545 - insightflow.setup_warehouse - INFO - [setup_warehouse.py:106] - Starting Data Warehouse Setup...
2026-07-15 00:12:14,850 - insightflow.setup_warehouse - INFO - [setup_warehouse.py:38] - Database 'neondb' already exists.
2026-07-15 00:12:16,431 - insightflow.setup_warehouse - INFO - [setup_warehouse.py:46] - Running DDL from sql/ddl/dim_date.sql...
2026-07-15 00:12:17,215 - insightflow.setup_warehouse - INFO - [setup_warehouse.py:54] - Successfully executed DDL from sql/ddl/dim_date.sql.
2026-07-15 00:12:17,216 - insightflow.setup_warehouse - INFO - [setup_warehouse.py:46] - Running DDL from sql/ddl/dim_user.sql...
2026-07-15 00:12:17,988 - insightflow.setup_warehouse - INFO - [setup_warehouse.py:54] - Successfully executed DDL from sql/ddl/dim_user.sql.
2026-07-15 00:12:17,988 - insightflow.setup_warehouse - INFO - [setup_warehouse.py:46] - Running DDL from sql/ddl/dim_product.sql...
2026-07-15 00:12:18,758 - insightflow.setup_warehouse - INFO - [setup_warehouse.py:54] - Successfully executed DDL from sql/ddl/dim_product.sql.
2026-07-15 00:12:18,759 - insightflow.setup_warehouse - INFO - [setup_warehouse.py:46] - Running DDL from sql/ddl/dim_device.sql...
2026-07-15 00:12:19,529 - insightflow.setup_warehouse - INFO - [setup_warehouse.py:54] - Successfully executed DDL from sql/ddl/dim_device.sql.
2026-07-15 00:12:19,530 - insightflow.setup_warehouse - INFO - [setup_warehouse.py:46] - Running DDL from sql/ddl/dim_location.sql...
2026-07-15 00:12:20,300 - insightflow.setup_warehouse - INFO - [setup_warehouse.py:54] - Successfully executed DDL from sql/ddl/dim_location.sql.
2026-07-15 00:12:20,301 - insightflow.setup_warehouse - INFO - [setup_warehouse.py:46] - Running DDL from sql/ddl/dim_channel.sql...
2026-07-15 00:12:21,072 - insightflow.setup_warehouse - INFO - [setup_warehouse.py:54] - Successfully executed DDL from sql/ddl/dim_channel.sql.
2026-07-15 00:12:21,072 - insightflow.setup_warehouse - INFO - [setup_warehouse.py:46] - Running DDL from sql/ddl/fact_events.sql...
2026-07-15 00:12:21,844 - insightflow.setup_warehouse - INFO - [setup_warehouse.py:54] - Successfully executed DDL from sql/ddl/fact_events.sql.
2026-07-15 00:12:21,845 - insightflow.setup_warehouse - INFO - [setup_warehouse.py:46] - Running DDL from sql/ddl/fact_orders.sql...
2026-07-15 00:12:22,613 - insightflow.setup_warehouse - INFO - [setup_warehouse.py:54] - Successfully executed DDL from sql/ddl/fact_orders.sql.
2026-07-15 00:12:22,615 - insightflow.setup_warehouse - INFO - [setup_warehouse.py:46] - Running DDL from sql/ddl/partitions.sql...
2026-07-15 00:12:23,648 - insightflow.setup_warehouse - INFO - [setup_warehouse.py:54] - Successfully executed DDL from sql/ddl/partitions.sql.
2026-07-15 00:12:23,649 - insightflow.setup_warehouse - INFO - [setup_warehouse.py:46] - Running DDL from sql/ddl/etl_metadata.sql...
2026-07-15 00:12:24,423 - insightflow.setup_warehouse - INFO - [setup_warehouse.py:54] - Successfully executed DDL from sql/ddl/etl_metadata.sql.
2026-07-15 00:12:24,423 - insightflow.setup_warehouse - INFO - [setup_warehouse.py:61] - Seeding dim_date table for the year 2026...
2026-07-15 00:12:25,273 - insightflow.setup_warehouse - INFO - [setup_warehouse.py:98] - Successfully seeded dim_date.
2026-07-15 00:12:25,273 - insightflow.setup_warehouse - INFO - [setup_warehouse.py:137] - Data Warehouse Setup completed successfully!
2026-07-15 00:12:27,063 - insightflow.etl - INFO - [pipeline.py:20] - Starting ETL run 982cd43d-6bed-4340-97e4-592f40e6f31e for file data/raw/events.csv (mode: full)
2026-07-15 00:12:27,575 - insightflow.etl - INFO - [pipeline.py:55] - Processing 24472 rows after incremental filter.
2026-07-15 00:12:34,840 - insightflow.db - ERROR - [db.py:20] - Failed to connect to database: null value in column "event_key" of relation "fact_events_2026_07" violates not-null constraint
DETAIL:  Failing row contains (null, 20260705, 3001, 151, 37, 16, 31, sess_57d8c1bf, payment, 2026-07-05 17:12:00+00).

2026-07-15 00:12:34,843 - insightflow.etl - ERROR - [pipeline.py:96] - ETL run 982cd43d-6bed-4340-97e4-592f40e6f31e failed: null value in column "event_key" of relation "fact_events_2026_07" violates not-null constraint
DETAIL:  Failing row contains (null, 20260705, 3001, 151, 37, 16, 31, sess_57d8c1bf, payment, 2026-07-05 17:12:00+00).

2026-07-15 00:12:54,861 - insightflow.setup_warehouse - INFO - [setup_warehouse.py:106] - Starting Data Warehouse Setup...
2026-07-15 00:12:56,599 - insightflow.setup_warehouse - INFO - [setup_warehouse.py:38] - Database 'neondb' already exists.
2026-07-15 00:12:58,099 - insightflow.setup_warehouse - INFO - [setup_warehouse.py:46] - Running DDL from sql/ddl/dim_date.sql...
2026-07-15 00:12:58,845 - insightflow.setup_warehouse - INFO - [setup_warehouse.py:54] - Successfully executed DDL from sql/ddl/dim_date.sql.
2026-07-15 00:12:58,846 - insightflow.setup_warehouse - INFO - [setup_warehouse.py:46] - Running DDL from sql/ddl/dim_user.sql...
2026-07-15 00:12:59,594 - insightflow.setup_warehouse - INFO - [setup_warehouse.py:54] - Successfully executed DDL from sql/ddl/dim_user.sql.
2026-07-15 00:12:59,594 - insightflow.setup_warehouse - INFO - [setup_warehouse.py:46] - Running DDL from sql/ddl/dim_product.sql...
2026-07-15 00:13:00,337 - insightflow.setup_warehouse - INFO - [setup_warehouse.py:54] - Successfully executed DDL from sql/ddl/dim_product.sql.
2026-07-15 00:13:00,337 - insightflow.setup_warehouse - INFO - [setup_warehouse.py:46] - Running DDL from sql/ddl/dim_device.sql...
2026-07-15 00:13:01,084 - insightflow.setup_warehouse - INFO - [setup_warehouse.py:54] - Successfully executed DDL from sql/ddl/dim_device.sql.
2026-07-15 00:13:01,084 - insightflow.setup_warehouse - INFO - [setup_warehouse.py:46] - Running DDL from sql/ddl/dim_location.sql...
2026-07-15 00:13:01,832 - insightflow.setup_warehouse - INFO - [setup_warehouse.py:54] - Successfully executed DDL from sql/ddl/dim_location.sql.
2026-07-15 00:13:01,834 - insightflow.setup_warehouse - INFO - [setup_warehouse.py:46] - Running DDL from sql/ddl/dim_channel.sql...
2026-07-15 00:13:02,582 - insightflow.setup_warehouse - INFO - [setup_warehouse.py:54] - Successfully executed DDL from sql/ddl/dim_channel.sql.
2026-07-15 00:13:02,582 - insightflow.setup_warehouse - INFO - [setup_warehouse.py:46] - Running DDL from sql/ddl/fact_events.sql...
2026-07-15 00:13:03,339 - insightflow.setup_warehouse - INFO - [setup_warehouse.py:54] - Successfully executed DDL from sql/ddl/fact_events.sql.
2026-07-15 00:13:03,340 - insightflow.setup_warehouse - INFO - [setup_warehouse.py:46] - Running DDL from sql/ddl/fact_orders.sql...
2026-07-15 00:13:04,098 - insightflow.setup_warehouse - INFO - [setup_warehouse.py:54] - Successfully executed DDL from sql/ddl/fact_orders.sql.
2026-07-15 00:13:04,099 - insightflow.setup_warehouse - INFO - [setup_warehouse.py:46] - Running DDL from sql/ddl/partitions.sql...
2026-07-15 00:13:05,015 - insightflow.setup_warehouse - INFO - [setup_warehouse.py:54] - Successfully executed DDL from sql/ddl/partitions.sql.
2026-07-15 00:13:05,016 - insightflow.setup_warehouse - INFO - [setup_warehouse.py:46] - Running DDL from sql/ddl/etl_metadata.sql...
2026-07-15 00:13:05,759 - insightflow.setup_warehouse - INFO - [setup_warehouse.py:54] - Successfully executed DDL from sql/ddl/etl_metadata.sql.
2026-07-15 00:13:05,759 - insightflow.setup_warehouse - INFO - [setup_warehouse.py:61] - Seeding dim_date table for the year 2026...
2026-07-15 00:13:06,519 - insightflow.setup_warehouse - INFO - [setup_warehouse.py:98] - Successfully seeded dim_date.
2026-07-15 00:13:06,520 - insightflow.setup_warehouse - INFO - [setup_warehouse.py:137] - Data Warehouse Setup completed successfully!
2026-07-15 00:13:07,211 - insightflow.etl - INFO - [pipeline.py:20] - Starting ETL run bac6e910-29f4-40fc-8624-ced160ad89ae for file data/raw/events.csv (mode: full)
2026-07-15 00:13:07,569 - insightflow.etl - INFO - [pipeline.py:55] - Processing 24472 rows after incremental filter.
2026-07-15 00:13:16,384 - insightflow.db - ERROR - [db.py:20] - Failed to connect to database: bigint out of range

2026-07-15 00:13:16,385 - insightflow.etl - ERROR - [pipeline.py:96] - ETL run bac6e910-29f4-40fc-8624-ced160ad89ae failed: bigint out of range

2026-07-15 00:14:29,152 - insightflow.etl - INFO - [pipeline.py:20] - Starting ETL run 6353a243-ccaa-44ac-a026-0c926a5a6aed for file data/raw/events.csv (mode: full)
2026-07-15 00:14:29,522 - insightflow.etl - INFO - [pipeline.py:55] - Processing 24472 rows after incremental filter.
2026-07-15 00:14:38,446 - insightflow.db - ERROR - [db.py:20] - Failed to connect to database: bigint out of range

2026-07-15 00:14:38,447 - insightflow.etl - ERROR - [pipeline.py:96] - ETL run 6353a243-ccaa-44ac-a026-0c926a5a6aed failed: bigint out of range

2026-07-15 00:15:06,618 - insightflow.etl - INFO - [pipeline.py:20] - Starting ETL run 9171268a-9718-47f6-88fd-fd53131edc3f for file data/raw/events.csv (mode: full)
2026-07-15 00:15:07,013 - insightflow.etl - INFO - [pipeline.py:55] - Processing 24472 rows after incremental filter.
2026-07-15 00:15:16,372 - insightflow.db - ERROR - [db.py:20] - Failed to connect to database: bigint out of range

2026-07-15 00:15:16,372 - insightflow.etl - ERROR - [pipeline.py:96] - ETL run 9171268a-9718-47f6-88fd-fd53131edc3f failed: bigint out of range

2026-07-15 00:16:24,908 - insightflow.etl - INFO - [pipeline.py:20] - Starting ETL run 27255adb-6159-4857-b307-fe6c2b8875fc for file data/raw/events.csv (mode: full)
2026-07-15 00:16:25,289 - insightflow.etl - INFO - [pipeline.py:55] - Processing 24472 rows after incremental filter.
2026-07-15 00:16:34,856 - insightflow.db - ERROR - [db.py:20] - Failed to connect to database: insert or update on table "fact_events_2026_07" violates foreign key constraint "fact_events_channel_key_fkey"
DETAIL:  Key (channel_key)=(71) is not present in table "dim_channel".

2026-07-15 00:16:34,856 - insightflow.etl - ERROR - [pipeline.py:96] - ETL run 27255adb-6159-4857-b307-fe6c2b8875fc failed: insert or update on table "fact_events_2026_07" violates foreign key constraint "fact_events_channel_key_fkey"
DETAIL:  Key (channel_key)=(71) is not present in table "dim_channel".

2026-07-15 00:17:58,466 - insightflow.etl - INFO - [pipeline.py:20] - Starting ETL run c4fc7688-42d7-49ce-baae-d4b9df1ed4c8 for file data/raw/events.csv (mode: full)
2026-07-15 00:17:58,828 - insightflow.etl - INFO - [pipeline.py:55] - Processing 24472 rows after incremental filter.
2026-07-15 00:26:57,414 - insightflow.db - ERROR - [db.py:20] - Failed to connect to database: bigint out of range

2026-07-15 00:26:57,416 - insightflow.etl - ERROR - [pipeline.py:96] - ETL run c4fc7688-42d7-49ce-baae-d4b9df1ed4c8 failed: bigint out of range

2026-07-15 00:27:23,367 - insightflow.etl - INFO - [pipeline.py:20] - Starting ETL run e0746d20-3f08-40d5-95ae-26c4868501bb for file data/raw/events.csv (mode: full)
2026-07-15 00:27:23,740 - insightflow.etl - INFO - [pipeline.py:55] - Processing 24472 rows after incremental filter.
2026-07-15 00:28:37,025 - insightflow.etl - INFO - [pipeline.py:92] - ETL run e0746d20-3f08-40d5-95ae-26c4868501bb completed successfully. Loaded 25140 rows.
2026-07-15 10:11:10,010 - insightflow.db - ERROR - [db.py:20] - Failed to connect to database: relation "daily_kpis" does not exist
LINE 1: SELECT * FROM daily_kpis LIMIT 5
                      ^

2026-07-15 10:12:26,486 - insightflow.setup_warehouse - INFO - [setup_warehouse.py:106] - Starting Data Warehouse Setup...
2026-07-15 10:12:28,552 - insightflow.setup_warehouse - INFO - [setup_warehouse.py:38] - Database 'neondb' already exists.
2026-07-15 10:12:30,396 - insightflow.setup_warehouse - INFO - [setup_warehouse.py:46] - Running DDL from sql/ddl/dim_date.sql...
2026-07-15 10:12:31,316 - insightflow.setup_warehouse - INFO - [setup_warehouse.py:54] - Successfully executed DDL from sql/ddl/dim_date.sql.
2026-07-15 10:12:31,317 - insightflow.setup_warehouse - INFO - [setup_warehouse.py:46] - Running DDL from sql/ddl/dim_user.sql...
2026-07-15 10:12:32,238 - insightflow.setup_warehouse - INFO - [setup_warehouse.py:54] - Successfully executed DDL from sql/ddl/dim_user.sql.
2026-07-15 10:12:32,238 - insightflow.setup_warehouse - INFO - [setup_warehouse.py:46] - Running DDL from sql/ddl/dim_product.sql...
2026-07-15 10:12:33,102 - insightflow.setup_warehouse - INFO - [setup_warehouse.py:54] - Successfully executed DDL from sql/ddl/dim_product.sql.
2026-07-15 10:12:33,102 - insightflow.setup_warehouse - INFO - [setup_warehouse.py:46] - Running DDL from sql/ddl/dim_device.sql...
2026-07-15 10:12:33,877 - insightflow.setup_warehouse - INFO - [setup_warehouse.py:54] - Successfully executed DDL from sql/ddl/dim_device.sql.
2026-07-15 10:12:33,878 - insightflow.setup_warehouse - INFO - [setup_warehouse.py:46] - Running DDL from sql/ddl/dim_location.sql...
2026-07-15 10:12:34,799 - insightflow.setup_warehouse - INFO - [setup_warehouse.py:54] - Successfully executed DDL from sql/ddl/dim_location.sql.
2026-07-15 10:12:34,800 - insightflow.setup_warehouse - INFO - [setup_warehouse.py:46] - Running DDL from sql/ddl/dim_channel.sql...
2026-07-15 10:12:35,556 - insightflow.setup_warehouse - INFO - [setup_warehouse.py:54] - Successfully executed DDL from sql/ddl/dim_channel.sql.
2026-07-15 10:12:35,557 - insightflow.setup_warehouse - INFO - [setup_warehouse.py:46] - Running DDL from sql/ddl/fact_events.sql...
2026-07-15 10:12:36,539 - insightflow.setup_warehouse - INFO - [setup_warehouse.py:54] - Successfully executed DDL from sql/ddl/fact_events.sql.
2026-07-15 10:12:36,539 - insightflow.setup_warehouse - INFO - [setup_warehouse.py:46] - Running DDL from sql/ddl/fact_orders.sql...
2026-07-15 10:12:37,400 - insightflow.setup_warehouse - INFO - [setup_warehouse.py:54] - Successfully executed DDL from sql/ddl/fact_orders.sql.
2026-07-15 10:12:37,400 - insightflow.setup_warehouse - INFO - [setup_warehouse.py:46] - Running DDL from sql/ddl/partitions.sql...
2026-07-15 10:12:38,388 - insightflow.setup_warehouse - INFO - [setup_warehouse.py:54] - Successfully executed DDL from sql/ddl/partitions.sql.
2026-07-15 10:12:38,388 - insightflow.setup_warehouse - INFO - [setup_warehouse.py:46] - Running DDL from sql/ddl/etl_metadata.sql...
2026-07-15 10:12:39,166 - insightflow.setup_warehouse - INFO - [setup_warehouse.py:54] - Successfully executed DDL from sql/ddl/etl_metadata.sql.
2026-07-15 10:12:39,167 - insightflow.setup_warehouse - INFO - [setup_warehouse.py:61] - Seeding dim_date table for the year 2026...
2026-07-15 10:12:40,021 - insightflow.setup_warehouse - INFO - [setup_warehouse.py:98] - Successfully seeded dim_date.
2026-07-15 10:12:40,022 - insightflow.setup_warehouse - INFO - [setup_warehouse.py:137] - Data Warehouse Setup completed successfully!
2026-07-15 10:12:49,880 - insightflow.etl - INFO - [pipeline.py:20] - Starting ETL run 0d82cf94-7f3d-4d4e-bfbe-a860e671b9d4 for file data/raw/events.csv (mode: full)
2026-07-15 10:12:50,314 - insightflow.etl - INFO - [pipeline.py:55] - Processing 24472 rows after incremental filter.
2026-07-15 10:14:18,120 - insightflow.etl - INFO - [pipeline.py:93] - ETL run 0d82cf94-7f3d-4d4e-bfbe-a860e671b9d4 completed successfully. Loaded 25140 rows.
2026-07-15 12:04:42,567 - insightflow.db - ERROR - [db.py:63] - Failed executing query: column "date" does not exist
LINE 1: SELECT * FROM revenue_trend ORDER BY date DESC LIMIT 100;
                                             ^

SQL: SELECT * FROM revenue_trend ORDER BY date DESC LIMIT 100;
2026-07-15 12:04:42,568 - insightflow.db - ERROR - [db.py:20] - Failed to connect to database: column "date" does not exist
LINE 1: SELECT * FROM revenue_trend ORDER BY date DESC LIMIT 100;
                                             ^

